interactions:
- request:
    body: '{"number": "4122943499999999", "exp_month": 11, "exp_year": 24, "cvv2":
      "123", "issuer": "accendo", "funding_type": "debit"}'
    headers:
      Accept:
      - '*/*'
      Accept-Encoding:
      - gzip, deflate
      Authorization:
      - DUMMY
      Connection:
      - keep-alive
      Content-Length:
      - '124'
      Content-Type:
      - application/json
      User-Agent:
      - cuenca-python/0.7.1.dev0
      X-Cuenca-Api-Version:
      - '2020-03-19'
      X-Cuenca-LoginId:
      - ULn-kqmnSCTHKNkZgLe5axxw
    method: POST
    uri: https://sandbox.cuenca.com/card_activations
  response:
    body:
      string: '{"id":"CAAzRctKLvUSViXvEBEQ_YaOg","created_at":"2021-03-17T22:51:58.576000","user_id":"US6D1wbTEdLuTjf227iF05js","ip_address":"200.56.74.39,
        10.5.52.181","card":null,"succeeded":false}'
    headers:
      Connection:
      - keep-alive
      Content-Length:
      - '184'
      Content-Type:
      - application/json
      Date:
      - Wed, 17 Mar 2021 22:51:58 GMT
      X-Amzn-Trace-Id:
      - Root=1-6052880d-4f4740786b1bd6633c715e29;Sampled=0
      X-Request-Time:
      - 'value: 0.711'
      x-amz-apigw-id:
      - cWoyMGiuCYcFZ1g=
      x-amzn-Remapped-Connection:
      - keep-alive
      x-amzn-Remapped-Content-Length:
      - '184'
      x-amzn-Remapped-Date:
      - Wed, 17 Mar 2021 22:51:58 GMT
      x-amzn-Remapped-Server:
      - nginx/1.18.0
      x-amzn-Remapped-x-amzn-RequestId:
      - c18df9ce-741c-4e81-80e0-d3f5bfc80dff
      x-amzn-RequestId:
      - f86f63db-d0ef-4470-88cb-d4f76c99d33f
    status:
      code: 201
      message: Created
- request:
    body: '{"number": "4122943499999999", "exp_month": 11, "exp_year": 24, "cvv2":
      "123", "issuer": "accendo", "funding_type": "debit"}'
    headers:
      Accept:
      - '*/*'
      Accept-Encoding:
      - gzip, deflate
      Authorization:
      - DUMMY
      Connection:
      - keep-alive
      Content-Length:
      - '124'
      Content-Type:
      - application/json
      User-Agent:
      - cuenca-python/0.7.1.dev0
      X-Cuenca-Api-Version:
      - '2020-03-19'
      X-Cuenca-LoginId:
      - ULn-kqmnSCTHKNkZgLe5axxw
    method: POST
    uri: https://sandbox.cuenca.com/card_activations
  response:
    body:
      string: '{"id":"CAAw990f_L_T-uT4Cbcxt782A","created_at":"2021-03-17T22:51:59.454000","user_id":"US6D1wbTEdLuTjf227iF05js","ip_address":"200.56.74.39,
        10.5.79.172","card":null,"succeeded":false}'
    headers:
      Connection:
      - keep-alive
      Content-Length:
      - '184'
      Content-Type:
      - application/json
      Date:
      - Wed, 17 Mar 2021 22:51:59 GMT
      X-Amzn-Trace-Id:
      - Root=1-6052880e-1e02faec2c352acd2eb854fa;Sampled=0
      X-Request-Time:
      - 'value: 0.668'
      x-amz-apigw-id:
      - cWoyVH9liYcFcWw=
      x-amzn-Remapped-Connection:
      - keep-alive
      x-amzn-Remapped-Content-Length:
      - '184'
      x-amzn-Remapped-Date:
      - Wed, 17 Mar 2021 22:51:59 GMT
      x-amzn-Remapped-Server:
      - nginx/1.18.0
      x-amzn-Remapped-x-amzn-RequestId:
      - 12204cd1-b7ca-4879-b712-9c0a53ac91fc
      x-amzn-RequestId:
      - 32ade769-a50f-4788-94f0-4c617e68bfba
    status:
      code: 201
      message: Created
- request:
    body: '{"number": "4122943499999999", "exp_month": 11, "exp_year": 24, "cvv2":
      "123", "issuer": "accendo", "funding_type": "debit"}'
    headers:
      Accept:
      - '*/*'
      Accept-Encoding:
      - gzip, deflate
      Authorization:
      - DUMMY
      Connection:
      - keep-alive
      Content-Length:
      - '124'
      Content-Type:
      - application/json
      User-Agent:
      - cuenca-python/0.7.1.dev0
      X-Cuenca-Api-Version:
      - '2020-03-19'
      X-Cuenca-LoginId:
      - ULn-kqmnSCTHKNkZgLe5axxw
    method: POST
    uri: https://sandbox.cuenca.com/card_activations
  response:
    body:
      string: '{"id":"CAAQ6x9lyF5ThmF7vAMiAXP5Q","created_at":"2021-03-17T22:52:00.233000","user_id":"US6D1wbTEdLuTjf227iF05js","ip_address":"200.56.74.39,
        10.5.52.181","card":null,"succeeded":false}'
    headers:
      Connection:
      - keep-alive
      Content-Length:
      - '184'
      Content-Type:
      - application/json
      Date:
      - Wed, 17 Mar 2021 22:52:00 GMT
      X-Amzn-Trace-Id:
      - Root=1-6052880f-47a95119330063a83dd3cc38;Sampled=0
      X-Request-Time:
      - 'value: 0.678'
      x-amz-apigw-id:
      - cWoycHioiYcFfdg=
      x-amzn-Remapped-Connection:
      - keep-alive
      x-amzn-Remapped-Content-Length:
      - '184'
      x-amzn-Remapped-Date:
      - Wed, 17 Mar 2021 22:52:00 GMT
      x-amzn-Remapped-Server:
      - nginx/1.18.0
      x-amzn-Remapped-x-amzn-RequestId:
      - e618ed3a-4eb9-4168-bafe-06df7d9cfe67
      x-amzn-RequestId:
      - baecd91e-c1ce-4880-b136-9a8e8df510d8
    status:
      code: 201
      message: Created
- request:
    body: '{"number": "4122943499999999", "exp_month": 11, "exp_year": 24, "cvv2":
      "123", "issuer": "accendo", "funding_type": "debit"}'
    headers:
      Accept:
      - '*/*'
      Accept-Encoding:
      - gzip, deflate
      Authorization:
      - DUMMY
      Connection:
      - keep-alive
      Content-Length:
      - '124'
      Content-Type:
      - application/json
      User-Agent:
      - cuenca-python/0.7.1.dev0
      X-Cuenca-Api-Version:
      - '2020-03-19'
      X-Cuenca-LoginId:
      - ULn-kqmnSCTHKNkZgLe5axxw
    method: POST
    uri: https://sandbox.cuenca.com/card_activations
  response:
    body:
      string: '{"id":"CAAZBTPM6HhQ2SeE_k3kE1mFA","created_at":"2021-03-17T22:52:01.027000","user_id":"US6D1wbTEdLuTjf227iF05js","ip_address":"200.56.74.39,
        10.5.79.172","card":null,"succeeded":false}'
    headers:
      Connection:
      - keep-alive
      Content-Length:
      - '184'
      Content-Type:
      - application/json
      Date:
      - Wed, 17 Mar 2021 22:52:00 GMT
      X-Amzn-Trace-Id:
      - Root=1-60528810-3b879544067b1cf37a682f71;Sampled=0
      X-Request-Time:
      - 'value: 0.687'
      x-amz-apigw-id:
      - cWoykFBNCYcF2ow=
      x-amzn-Remapped-Connection:
      - keep-alive
      x-amzn-Remapped-Content-Length:
      - '184'
      x-amzn-Remapped-Date:
      - Wed, 17 Mar 2021 22:52:01 GMT
      x-amzn-Remapped-Server:
      - nginx/1.18.0
      x-amzn-Remapped-x-amzn-RequestId:
      - 335d209d-d754-4df2-bcf4-410d1e59f808
      x-amzn-RequestId:
      - 4a6cf828-f923-4cfb-abdd-8da93f3295d3
    status:
      code: 201
      message: Created
- request:
    body: '{"number": "4122943499999999", "exp_month": 11, "exp_year": 24, "cvv2":
      "123", "issuer": "accendo", "funding_type": "debit"}'
    headers:
      Accept:
      - '*/*'
      Accept-Encoding:
      - gzip, deflate
      Authorization:
      - DUMMY
      Connection:
      - keep-alive
      Content-Length:
      - '124'
      Content-Type:
      - application/json
      User-Agent:
      - cuenca-python/0.7.1.dev0
      X-Cuenca-Api-Version:
      - '2020-03-19'
      X-Cuenca-LoginId:
      - ULn-kqmnSCTHKNkZgLe5axxw
    method: POST
    uri: https://sandbox.cuenca.com/card_activations
  response:
    body:
      string: '{"id":"CAA2q0aZX4HQXqDXfW8UP6KuQ","created_at":"2021-03-17T22:52:01.793000","user_id":"US6D1wbTEdLuTjf227iF05js","ip_address":"200.56.74.39,
        10.5.70.51","card":null,"succeeded":false}'
    headers:
      Connection:
      - keep-alive
      Content-Length:
      - '183'
      Content-Type:
      - application/json
      Date:
      - Wed, 17 Mar 2021 22:52:01 GMT
      X-Amzn-Trace-Id:
      - Root=1-60528811-2a27311919c8ab837a835147;Sampled=0
      X-Request-Time:
      - 'value: 0.681'
      x-amz-apigw-id:
      - cWoysEGeCYcF6tA=
      x-amzn-Remapped-Connection:
      - keep-alive
      x-amzn-Remapped-Content-Length:
      - '183'
      x-amzn-Remapped-Date:
      - Wed, 17 Mar 2021 22:52:01 GMT
      x-amzn-Remapped-Server:
      - nginx/1.18.0
      x-amzn-Remapped-x-amzn-RequestId:
      - 9723f216-66cf-42fe-b45c-b2d3c4ffe1ef
      x-amzn-RequestId:
      - 9b55ee5f-a0de-4c1b-8353-b8dd31d09cee
    status:
      code: 201
      message: Created
- request:
    body: '{"number": "4122943499999999", "exp_month": 11, "exp_year": 24, "cvv2":
      "123", "issuer": "accendo", "funding_type": "debit"}'
    headers:
      Accept:
      - '*/*'
      Accept-Encoding:
      - gzip, deflate
      Authorization:
      - DUMMY
      Connection:
      - keep-alive
      Content-Length:
      - '124'
      Content-Type:
      - application/json
      User-Agent:
      - cuenca-python/0.7.1.dev0
      X-Cuenca-Api-Version:
      - '2020-03-19'
      X-Cuenca-LoginId:
      - ULn-kqmnSCTHKNkZgLe5axxw
    method: POST
    uri: https://sandbox.cuenca.com/card_activations
  response:
    body:
      string: '{"id":"CAAb77el8HuTbqYpsT48bJyaQ","created_at":"2021-03-17T22:52:02.573000","user_id":"US6D1wbTEdLuTjf227iF05js","ip_address":"200.56.74.39,
        10.5.79.172","card":null,"succeeded":false}'
    headers:
      Connection:
      - keep-alive
      Content-Length:
      - '184'
      Content-Type:
      - application/json
      Date:
      - Wed, 17 Mar 2021 22:52:02 GMT
      X-Amzn-Trace-Id:
      - Root=1-60528811-38575096065ffd66788c5a01;Sampled=0
      X-Request-Time:
      - 'value: 0.678'
      x-amz-apigw-id:
      - cWoy0GBCiYcF7YA=
      x-amzn-Remapped-Connection:
      - keep-alive
      x-amzn-Remapped-Content-Length:
      - '184'
      x-amzn-Remapped-Date:
      - Wed, 17 Mar 2021 22:52:02 GMT
      x-amzn-Remapped-Server:
      - nginx/1.18.0
      x-amzn-Remapped-x-amzn-RequestId:
      - 0ba6b54d-252b-4928-9bfd-ea07f86a8068
      x-amzn-RequestId:
      - 3e6c4c92-54c0-4105-8f6d-e026c0f19a60
    status:
      code: 201
      message: Created
- request:
    body: '{"number": "4122943499999999", "exp_month": 11, "exp_year": 24, "cvv2":
      "123", "issuer": "accendo", "funding_type": "debit"}'
    headers:
      Accept:
      - '*/*'
      Accept-Encoding:
      - gzip, deflate
      Authorization:
      - DUMMY
      Connection:
      - keep-alive
      Content-Length:
      - '124'
      Content-Type:
      - application/json
      User-Agent:
      - cuenca-python/0.7.1.dev0
      X-Cuenca-Api-Version:
      - '2020-03-19'
      X-Cuenca-LoginId:
      - ULn-kqmnSCTHKNkZgLe5axxw
    method: POST
    uri: https://sandbox.cuenca.com/card_activations
  response:
    body:
      string: '{"code":107,"error":"Too many attempts"}'
    headers:
      Connection:
      - keep-alive
      Content-Length:
      - '40'
      Content-Type:
      - application/json
      Date:
      - Wed, 17 Mar 2021 22:52:02 GMT
      X-Amzn-Trace-Id:
      - Root=1-60528812-72890404404aa4da26cc22c0;Sampled=0
      x-amz-apigw-id:
      - cWoy9HJ0iYcF4Rw=
      x-amzn-Remapped-Connection:
      - keep-alive
      x-amzn-Remapped-Content-Length:
      - '40'
      x-amzn-Remapped-Date:
      - Wed, 17 Mar 2021 22:52:03 GMT
      x-amzn-Remapped-Server:
      - nginx/1.18.0
      x-amzn-Remapped-x-amzn-RequestId:
      - 3808519d-03c9-4b9e-9c16-b91e0e8d1098
      x-amzn-RequestId:
      - fc538929-6130-422a-b9f6-2eb680e75fea
    status:
      code: 403
      message: Forbidden
version: 1
